../Core/Src/main.c:134:5:main	8	static
../Core/Src/main.c:233:6:SystemClock_Config	88	static
../Core/Src/main.c:280:13:MX_ADC1_Init	24	static
../Core/Src/main.c:327:13:MX_USART1_UART_Init	8	static
../Core/Src/main.c:360:13:MX_GPIO_Init	40	static
../Core/Src/main.c:405:6:Menu_Display	120	static
../Core/Src/main.c:426:6:StartDefaultTask	16	static
../Core/Src/main.c:444:6:pickButton	16	static
../Core/Src/main.c:470:6:getADC	16	static
../Core/Src/main.c:497:6:dispLED	16	static
../Core/Src/main.c:533:6:dispUART	16	static
../Core/Src/main.c:582:6:HAL_TIM_PeriodElapsedCallback	16	static
../Core/Src/main.c:599:6:Error_Handler	4	static,ignoring_inline_asm
